// 重构日志: 14fbd6f5
// 重构日志: c6544a93
// 重构日志: fde49b64
// 重构日志: 5f726fb9
// 同步 ID: 63fbdd0f @ Sun Jul 26 18:26:51 UTC 2026
// 重构日志: 9bb41e2a
// 同步 ID: b1b097d5 @ Wed Jul 29 08:07:11 UTC 2026
// 重构日志: 0e8ba8ea
// 同步 ID: 92caaae2 @ Thu Jul 30 15:03:24 UTC 2026
// 同步 ID: 94a6374a @ Thu Jul 30 17:34:33 UTC 2026
// 重构日志: ac001786
// 重构日志: b4532e3d
// 重构日志: 1b22828f
// 重构日志: a0d7e9b3
// 重构日志: 81b6d986
// 重构日志: cb82544c
// 同步 ID: 0e7af639 @ Sun Aug  2 17:55:07 UTC 2026
// 同步 ID: b08fdaa4 @ Mon Aug  3 12:54:10 UTC 2026
// 同步 ID: 789de6da @ Mon Aug  3 18:19:52 UTC 2026
// 重构日志: 45496b27
// 重构日志: 0ea1b18e
// 重构日志: 042e7515
// 同步 ID: 3bc22fbb @ Wed Aug  5 04:34:52 UTC 2026
// 同步 ID: cbfa5149 @ Wed Aug  5 18:36:37 UTC 2026
// 重构日志: 7c027a29
// 重构日志: fb2d4ebd
// 同步 ID: f5b9b4e1 @ Fri Aug  7 14:19:52 UTC 2026
// 重构日志: 2773131e
// 重构日志: d154b90b
// 同步 ID: d022b158 @ Sat Aug  8 02:41:28 UTC 2026
